[32m[Nest] 31514  - [39m08/11/2025, 8:10:22 PM [32m    LOG[39m [38;5;3m[NestFactory] [39m[32mStarting Nest application...[39m
[32m[Nest] 31514  - [39m08/11/2025, 8:10:22 PM [32m    LOG[39m [38;5;3m[InstanceLoader] [39m[32mAppModule dependencies initialized[39m[38;5;3m +7ms[39m
[32m[Nest] 31514  - [39m08/11/2025, 8:10:22 PM [32m    LOG[39m [38;5;3m[InstanceLoader] [39m[32mMongooseModule dependencies initialized[39m[38;5;3m +0ms[39m
[32m[Nest] 31514  - [39m08/11/2025, 8:10:22 PM [32m    LOG[39m [38;5;3m[InstanceLoader] [39m[32mPassportModule dependencies initialized[39m[38;5;3m +0ms[39m
[32m[Nest] 31514  - [39m08/11/2025, 8:10:22 PM [32m    LOG[39m [38;5;3m[InstanceLoader] [39m[32mConfigHostModule dependencies initialized[39m[38;5;3m +0ms[39m
[33m[Nest] 31514  - [39m08/11/2025, 8:10:22 PM [33m   WARN[39m [38;5;3m[EmailService] [39m[33mSMTP is selected but SMTP_HOST/SMTP_USER/SMTP_PASS are not fully configured[39m
[32m[Nest] 31514  - [39m08/11/2025, 8:10:22 PM [32m    LOG[39m [38;5;3m[InstanceLoader] [39m[32mConfigModule dependencies initialized[39m[38;5;3m +4ms[39m
[32m[Nest] 31514  - [39m08/11/2025, 8:10:22 PM [32m    LOG[39m [38;5;3m[InstanceLoader] [39m[32mConfigModule dependencies initialized[39m[38;5;3m +0ms[39m
[32m[Nest] 31514  - [39m08/11/2025, 8:10:22 PM [32m    LOG[39m [38;5;3m[InstanceLoader] [39m[32mEmailModule dependencies initialized[39m[38;5;3m +0ms[39m
[32m[Nest] 31514  - [39m08/11/2025, 8:10:22 PM [32m    LOG[39m [38;5;3m[InstanceLoader] [39m[32mJwtModule dependencies initialized[39m[38;5;3m +0ms[39m
[32m[Nest] 31514  - [39m08/11/2025, 8:10:23 PM [32m    LOG[39m [38;5;3m[InstanceLoader] [39m[32mMongooseCoreModule dependencies initialized[39m[38;5;3m +639ms[39m
[32m[Nest] 31514  - [39m08/11/2025, 8:10:23 PM [32m    LOG[39m [38;5;3m[InstanceLoader] [39m[32mMongooseModule dependencies initialized[39m[38;5;3m +1ms[39m
[32m[Nest] 31514  - [39m08/11/2025, 8:10:23 PM [32m    LOG[39m [38;5;3m[InstanceLoader] [39m[32mUsersModule dependencies initialized[39m[38;5;3m +0ms[39m
[32m[Nest] 31514  - [39m08/11/2025, 8:10:23 PM [32m    LOG[39m [38;5;3m[InstanceLoader] [39m[32mSecurityModule dependencies initialized[39m[38;5;3m +0ms[39m
[32m[Nest] 31514  - [39m08/11/2025, 8:10:23 PM [32m    LOG[39m [38;5;3m[RoutesResolver] [39m[32mSecurityController {/security}:[39m[38;5;3m +12ms[39m
[32m[Nest] 31514  - [39m08/11/2025, 8:10:23 PM [32m    LOG[39m [38;5;3m[RouterExplorer] [39m[32mMapped {/security/logout, POST} route[39m[38;5;3m +2ms[39m
[32m[Nest] 31514  - [39m08/11/2025, 8:10:23 PM [32m    LOG[39m [38;5;3m[RouterExplorer] [39m[32mMapped {/security/password-reset/request, POST} route[39m[38;5;3m +0ms[39m
[32m[Nest] 31514  - [39m08/11/2025, 8:10:23 PM [32m    LOG[39m [38;5;3m[RouterExplorer] [39m[32mMapped {/security/password-reset/verify-otp, POST} route[39m[38;5;3m +0ms[39m
[32m[Nest] 31514  - [39m08/11/2025, 8:10:23 PM [32m    LOG[39m [38;5;3m[RouterExplorer] [39m[32mMapped {/security/password-reset/reset, POST} route[39m[38;5;3m +0ms[39m
Seeded test user: demo@example.com / Password123
[32m[Nest] 31514  - [39m08/11/2025, 8:10:23 PM [32m    LOG[39m [38;5;3m[NestApplication] [39m[32mNest application successfully started[39m[38;5;3m +88ms[39m
Server running on port 3112
